#-----------------------------------------------------------
# Vivado v2023.2 (64-bit)
# SW Build 4029153 on Fri Oct 13 20:14:34 MDT 2023
# IP Build 4028589 on Sat Oct 14 00:45:43 MDT 2023
# SharedData Build 4025554 on Tue Oct 10 17:18:54 MDT 2023
# Start of session at: Sat May 25 14:29:34 2024
# Process ID: 23616
# Current directory: D:/Code/FPGA/lifter
# Command line: vivado.exe -gui_launcher_event rodinguilauncherevent25472 D:\Code\FPGA\lifter\lifter.xpr
# Log file: D:/Code/FPGA/lifter/vivado.log
# Journal file: D:/Code/FPGA/lifter\vivado.jou
# Running On: DesktopG, OS: Windows, CPU Frequency: 2995 MHz, CPU Physical cores: 14, Host memory: 33968 MB
#-----------------------------------------------------------
start_gui
open_project D:/Code/FPGA/lifter/lifter.xpr
update_compile_order -fileset sources_1
update_compile_order -fileset sources_1
update_compile_order -fileset sources_1
update_compile_order -fileset sources_1
close [ open D:/Code/FPGA/lifter/lifter.srcs/sources_1/new/div_1ms.v w ]
add_files D:/Code/FPGA/lifter/lifter.srcs/sources_1/new/div_1ms.v
update_compile_order -fileset sources_1
